<testsuites id="" name="" tests="2" failures="0" skipped="0" errors="0" time="12.232065">
<testsuite name="real-api-demo.spec.ts" timestamp="2025-08-24T12:28:24.141Z" hostname="chromium" tests="2" failures="0" skipped="0" time="9.784" errors="0">
<testcase name="Real API Integration Demonstration › should demonstrate real MongoDB and Spotify API integration" classname="real-api-demo.spec.ts" time="7.008">
<system-out>
<![CDATA[🎯 Demonstrating Real API Integration with Screenshots...
✅ Screenshot 1: Application Homepage
🎵 Found 5 music-related elements: [
  {
    tag: [32m'HTML'[39m,
    text: [32m'\n    \n    \n    EchoTune AI - Your Personal Music A'[39m,
    id: [32m''[39m,
    className: [32m''[39m
  },
  {
    tag: [32m'HEAD'[39m,
    text: [32m'\n    \n    \n    EchoTune AI - Your Personal Music A'[39m,
    id: [32m''[39m,
    className: [32m''[39m
  },
  {
    tag: [32m'TITLE'[39m,
    text: [32m'EchoTune AI - Your Personal Music Assistant'[39m,
    id: [32m''[39m,
    className: [32m''[39m
  },
  {
    tag: [32m'STYLE'[39m,
    text: [32m'\n        :root {\n            --primary-color: #1db'[39m,
    id: [32m''[39m,
    className: [32m''[39m
  },
  {
    tag: [32m'STYLE'[39m,
    text: [32m'\n            .playlist-builder {\n                b'[39m,
    id: [32m''[39m,
    className: [32m''[39m
  }
]
📄 Page title: EchoTune AI - Your Personal Music Assistant
✅ Screenshot 2: Application Loaded State
🧪 API Test Results:
✅ Health Check: 503
✅ Spotify OAuth: 200
   🔗 Auth URL: https://accounts.spotify.com/authorize?response_type=code&client_id=dcc2df507bde447c93a0199358ca219d...
✅ Chat API: 200
✅ Screenshot 3: API Tests Complete
🔍 Found 7 interactive elements on the page
✅ Clicked first button on page
✅ Screenshot 4: After User Interaction
🌐 Browser Environment: {
  userAgent: [32m'Mozilla/5.0 (Windows NT 10.0; Win64; x64) AppleWebKit/537.36 (KHTML, like Gecko) Chrome/140.0.7339.16 Safari/537.36'[39m,
  language: [32m'en-US'[39m,
  platform: [32m'Linux x86_64'[39m,
  cookieEnabled: [33mtrue[39m,
  url: [32m'http://localhost:3000/'[39m
}
✅ Screenshot 5: Final Testing State
🎯 Real API Integration Demo Complete! 3/3 API tests successful
]]>
</system-out>
</testcase>
<testcase name="Real API Integration Demonstration › should demonstrate real database operations through UI" classname="real-api-demo.spec.ts" time="2.776">
<system-out>
<![CDATA[🗄️ Demonstrating Real Database Integration...
📊 Database Integration Results:
✅ User Data Storage
✅ Database Integration Demo Complete
]]>
</system-out>
</testcase>
</testsuite>
</testsuites>